// Jest Snapshot v1, https://goo.gl/fbAQLP

exports[`Nav renders correctly 1`] = `
<nav
  className="navigation"
>
  <img
    alt="Logo"
    className="navigation__image"
    src="https://lh3.googleusercontent.com/r55K1eQcji3QMHRKERq6zE1-csoh_MTOHiKyHTuTOblhFi_rIz06_8GN5-DHUGJOpn79"
  />
  <input
    type="search"
  />
</nav>
`;
